{
  "$schema": "http://json-schema.org/draft-07/schema#",
  "title": "TimeTypes",
  "type": "object",
  "required": [
    "date",
    "offset_date_time",
    "primitive_date_time",
    "time"
  ],
  "properties": {
    "date": {
      "type": "string",
      "format": "date"
    },
    "time": {
      "type": "string",
      "format": "time"
    },
    "primitive_date_time": {
      "type": "string",
      "format": "partial-date-time"
    },
    "offset_date_time": {
      "type": "string",
      "format": "date-time"
    }
  }
}